// Jest Snapshot v1, https://goo.gl/fbAQLP

exports[`should render 1`] = `
<main
  className="main"
>
  <p>
    ContentMock
  </p>
</main>
`;
