// Jest Snapshot v1, https://goo.gl/fbAQLP

exports[`should render 1`] = `
Array [
  <p>
    Button
  </p>,
  <p>
    Button
  </p>,
]
`;
