// Jest Snapshot v1, https://goo.gl/fbAQLP

exports[`should render 1`] = `
<div
  className="bp3-dark opp-information"
>
  <button
    className="bp3-button opp-information__trigger"
    onClick={[Function]}
    onKeyDown={[Function]}
    onKeyUp={[Function]}
    type="button"
  >
    <span
      className="bp3-icon bp3-icon-info-sign"
      icon="info-sign"
    >
      <svg
        data-icon="info-sign"
        height={16}
        viewBox="0 0 16 16"
        width={16}
      >
        <desc>
          info-sign
        </desc>
        <path
          d="M8 0C3.58 0 0 3.58 0 8s3.58 8 8 8 8-3.58 8-8-3.58-8-8-8zM7 3h2v2H7V3zm3 10H6v-1h1V7H6V6h3v6h1v1z"
          fillRule="evenodd"
        />
      </svg>
    </span>
  </button>
</div>
`;
