// Jest Snapshot v1, https://goo.gl/fbAQLP

exports[`should render 1`] = `
<div
  className="sidebar"
>
  <p>
    SidebarTabsNav
  </p>
  <p>
    SidebarBottomActions
  </p>
</div>
`;
